show help
help show
help
exit
show ?
exit
help show
show help
show ?
exit
help
enable
ll
ls
configure terminal 
exit
enable 
exit
show
show version
config t
ll
help
enable
config t
exit
show
show interface 
show running-config 
sh ver
exit
show running-config sh ver
exit
sh run
en
ena
config t
sh 
show version 
show interface 
end
exit
show version
enable
configure terminal 
hostname mytest
interface eth0
description "uplike to core"
end
show running-config 
disable
exit
sh
show run
exit
sh run
mfa
exit
mfa
totp enable 
exit
mfa
totp disable 
end
exit
mfa
totp enable 
exit
help
user
exit
user 
totp enable qr 
ll
end
user
password 
password change 
exit
